
Merging program properties


As-needed library included to satisfy reference by file (symbol)

libc.so.6                     build/x86_64/sum.o (__printf_chk@@GLIBC_2.3.4)

Discarded input sections

 .note.GNU-stack
                0x0000000000000000        0x0 /usr/lib/gcc/x86_64-linux-gnu/13/../../../x86_64-linux-gnu/Scrt1.o
 .note.gnu.property
                0x0000000000000000       0x20 /usr/lib/gcc/x86_64-linux-gnu/13/../../../x86_64-linux-gnu/crti.o
 .note.GNU-stack
                0x0000000000000000        0x0 /usr/lib/gcc/x86_64-linux-gnu/13/../../../x86_64-linux-gnu/crti.o
 .note.GNU-stack
                0x0000000000000000        0x0 /usr/lib/gcc/x86_64-linux-gnu/13/crtbeginS.o
 .note.gnu.property
                0x0000000000000000       0x20 /usr/lib/gcc/x86_64-linux-gnu/13/crtbeginS.o
 .note.GNU-stack
                0x0000000000000000        0x0 build/x86_64/sum.o
 .note.gnu.property
                0x0000000000000000       0x20 build/x86_64/sum.o
 .note.GNU-stack
                0x0000000000000000        0x0 /usr/lib/gcc/x86_64-linux-gnu/13/crtendS.o
 .note.gnu.property
                0x0000000000000000       0x20 /usr/lib/gcc/x86_64-linux-gnu/13/crtendS.o
 .note.gnu.property
                0x0000000000000000       0x20 /usr/lib/gcc/x86_64-linux-gnu/13/../../../x86_64-linux-gnu/crtn.o
 .note.GNU-stack
                0x0000000000000000        0x0 /usr/lib/gcc/x86_64-linux-gnu/13/../../../x86_64-linux-gnu/crtn.o

Memory Configuration

Name             Origin             Length             Attributes
*default*        0x0000000000000000 0xffffffffffffffff

Linker script and memory map

LOAD /usr/lib/gcc/x86_64-linux-gnu/13/../../../x86_64-linux-gnu/Scrt1.o
LOAD /usr/lib/gcc/x86_64-linux-gnu/13/../../../x86_64-linux-gnu/crti.o
LOAD /usr/lib/gcc/x86_64-linux-gnu/13/crtbeginS.o
LOAD build/x86_64/sum.o
LOAD /usr/lib/gcc/x86_64-linux-gnu/13/libgcc.a
LOAD /usr/lib/gcc/x86_64-linux-gnu/13/libgcc_s.so
START GROUP
LOAD /usr/lib/gcc/x86_64-linux-gnu/13/../../../x86_64-linux-gnu/libgcc_s.so.1
LOAD /usr/lib/gcc/x86_64-linux-gnu/13/libgcc.a
END GROUP
LOAD /usr/lib/gcc/x86_64-linux-gnu/13/../../../x86_64-linux-gnu/libc.so
START GROUP
LOAD /lib/x86_64-linux-gnu/libc.so.6
LOAD /usr/lib/x86_64-linux-gnu/libc_nonshared.a
LOAD /lib64/ld-linux-x86-64.so.2
END GROUP
LOAD /usr/lib/gcc/x86_64-linux-gnu/13/libgcc.a
LOAD /usr/lib/gcc/x86_64-linux-gnu/13/libgcc_s.so
START GROUP
LOAD /usr/lib/gcc/x86_64-linux-gnu/13/../../../x86_64-linux-gnu/libgcc_s.so.1
LOAD /usr/lib/gcc/x86_64-linux-gnu/13/libgcc.a
END GROUP
LOAD /usr/lib/gcc/x86_64-linux-gnu/13/crtendS.o
LOAD /usr/lib/gcc/x86_64-linux-gnu/13/../../../x86_64-linux-gnu/crtn.o
                [!provide]                        PROVIDE (__executable_start = SEGMENT_START ("text-segment", 0x0))
                0x0000000000000318                . = (SEGMENT_START ("text-segment", 0x0) + SIZEOF_HEADERS)

.interp         0x0000000000000318       0x1c
 *(.interp)
 .interp        0x0000000000000318       0x1c /usr/lib/gcc/x86_64-linux-gnu/13/../../../x86_64-linux-gnu/Scrt1.o

.note.gnu.property
                0x0000000000000338       0x30
 .note.gnu.property
                0x0000000000000338       0x30 /usr/lib/gcc/x86_64-linux-gnu/13/../../../x86_64-linux-gnu/Scrt1.o

.note.gnu.build-id
                0x0000000000000368       0x24
 *(.note.gnu.build-id)
 .note.gnu.build-id
                0x0000000000000368       0x24 /usr/lib/gcc/x86_64-linux-gnu/13/../../../x86_64-linux-gnu/Scrt1.o

.note.ABI-tag   0x000000000000038c       0x20
 .note.ABI-tag  0x000000000000038c       0x20 /usr/lib/gcc/x86_64-linux-gnu/13/../../../x86_64-linux-gnu/Scrt1.o

.hash
 *(.hash)

.gnu.hash       0x00000000000003b0       0x24
 *(.gnu.hash)
 .gnu.hash      0x00000000000003b0       0x24 /usr/lib/gcc/x86_64-linux-gnu/13/../../../x86_64-linux-gnu/Scrt1.o

.dynsym         0x00000000000003d8       0xc0
 *(.dynsym)
 .dynsym        0x00000000000003d8       0xc0 /usr/lib/gcc/x86_64-linux-gnu/13/../../../x86_64-linux-gnu/Scrt1.o

.dynstr         0x0000000000000498       0xa8
 *(.dynstr)
 .dynstr        0x0000000000000498       0xa8 /usr/lib/gcc/x86_64-linux-gnu/13/../../../x86_64-linux-gnu/Scrt1.o

.gnu.version    0x0000000000000540       0x10
 *(.gnu.version)
 .gnu.version   0x0000000000000540       0x10 /usr/lib/gcc/x86_64-linux-gnu/13/../../../x86_64-linux-gnu/Scrt1.o

.gnu.version_d  0x0000000000000550        0x0
 *(.gnu.version_d)
 .gnu.version_d
                0x0000000000000550        0x0 /usr/lib/gcc/x86_64-linux-gnu/13/../../../x86_64-linux-gnu/Scrt1.o

.gnu.version_r  0x0000000000000550       0x40
 *(.gnu.version_r)
 .gnu.version_r
                0x0000000000000550       0x40 /usr/lib/gcc/x86_64-linux-gnu/13/../../../x86_64-linux-gnu/Scrt1.o

.rela.dyn       0x0000000000000590       0xc0
 *(.rela.init)
 *(.rela.text .rela.text.* .rela.gnu.linkonce.t.*)
 *(.rela.fini)
 *(.rela.rodata .rela.rodata.* .rela.gnu.linkonce.r.*)
 *(.rela.data .rela.data.* .rela.gnu.linkonce.d.*)
 .rela.data.rel.ro
                0x0000000000000590        0x0 /usr/lib/gcc/x86_64-linux-gnu/13/../../../x86_64-linux-gnu/Scrt1.o
 .rela.data.rel.local
                0x0000000000000590       0x18 /usr/lib/gcc/x86_64-linux-gnu/13/../../../x86_64-linux-gnu/Scrt1.o
 *(.rela.tdata .rela.tdata.* .rela.gnu.linkonce.td.*)
 *(.rela.tbss .rela.tbss.* .rela.gnu.linkonce.tb.*)
 *(.rela.ctors)
 *(.rela.dtors)
 *(.rela.got)
 .rela.got      0x00000000000005a8       0x78 /usr/lib/gcc/x86_64-linux-gnu/13/../../../x86_64-linux-gnu/Scrt1.o
 *(.rela.bss .rela.bss.* .rela.gnu.linkonce.b.*)
 .rela.bss      0x0000000000000620        0x0 /usr/lib/gcc/x86_64-linux-gnu/13/../../../x86_64-linux-gnu/Scrt1.o
 *(.rela.ldata .rela.ldata.* .rela.gnu.linkonce.l.*)
 *(.rela.lbss .rela.lbss.* .rela.gnu.linkonce.lb.*)
 *(.rela.lrodata .rela.lrodata.* .rela.gnu.linkonce.lr.*)
 *(.rela.ifunc)
 .rela.ifunc    0x0000000000000620        0x0 /usr/lib/gcc/x86_64-linux-gnu/13/../../../x86_64-linux-gnu/Scrt1.o
 .rela.fini_array
                0x0000000000000620       0x18 /usr/lib/gcc/x86_64-linux-gnu/13/../../../x86_64-linux-gnu/Scrt1.o
 .rela.init_array
                0x0000000000000638       0x18 /usr/lib/gcc/x86_64-linux-gnu/13/../../../x86_64-linux-gnu/Scrt1.o

.rela.plt       0x0000000000000650       0x30
 *(.rela.plt)
 .rela.plt      0x0000000000000650       0x30 /usr/lib/gcc/x86_64-linux-gnu/13/../../../x86_64-linux-gnu/Scrt1.o
 *(.rela.iplt)

.relr.dyn
 *(.relr.dyn)
                0x0000000000001000                . = ALIGN (CONSTANT (MAXPAGESIZE))

.init           0x0000000000001000       0x1b
 *(SORT_NONE(.init))
 .init          0x0000000000001000       0x16 /usr/lib/gcc/x86_64-linux-gnu/13/../../../x86_64-linux-gnu/crti.o
                0x0000000000001000                _init
 .init          0x0000000000001016        0x5 /usr/lib/gcc/x86_64-linux-gnu/13/../../../x86_64-linux-gnu/crtn.o

.plt            0x0000000000001020       0x30
 *(.plt)
 .plt           0x0000000000001020       0x30 /usr/lib/gcc/x86_64-linux-gnu/13/../../../x86_64-linux-gnu/Scrt1.o
 *(.iplt)

.plt.got        0x0000000000001050       0x10
 *(.plt.got)
 .plt.got       0x0000000000001050       0x10 /usr/lib/gcc/x86_64-linux-gnu/13/../../../x86_64-linux-gnu/Scrt1.o
                0x0000000000001050                __cxa_finalize@@GLIBC_2.2.5

.plt.sec        0x0000000000001060       0x20
 *(.plt.sec)
 .plt.sec       0x0000000000001060       0x20 /usr/lib/gcc/x86_64-linux-gnu/13/../../../x86_64-linux-gnu/Scrt1.o
                0x0000000000001060                strtol@@GLIBC_2.2.5
                0x0000000000001070                __printf_chk@@GLIBC_2.3.4

.text           0x0000000000001080      0x169
 *(.text.unlikely .text.*_unlikely .text.unlikely.*)
 *(.text.exit .text.exit.*)
 *(.text.startup .text.startup.*)
 .text.startup  0x0000000000001080       0x73 build/x86_64/sum.o
                0x0000000000001080                main
 *(.text.hot .text.hot.*)
 *(SORT_BY_NAME(.text.sorted.*))
 *(.text .stub .text.* .gnu.linkonce.t.*)
 *fill*         0x00000000000010f3        0xd 
 .text          0x0000000000001100       0x26 /usr/lib/gcc/x86_64-linux-gnu/13/../../../x86_64-linux-gnu/Scrt1.o
                0x0000000000001100                _start
 .text          0x0000000000001126        0x0 /usr/lib/gcc/x86_64-linux-gnu/13/../../../x86_64-linux-gnu/crti.o
 *fill*         0x0000000000001126        0xa 
 .text          0x0000000000001130       0xb9 /usr/lib/gcc/x86_64-linux-gnu/13/crtbeginS.o
 .text          0x00000000000011e9        0x0 build/x86_64/sum.o
 .text          0x00000000000011e9        0x0 /usr/lib/gcc/x86_64-linux-gnu/13/crtendS.o
 .text          0x00000000000011e9        0x0 /usr/lib/gcc/x86_64-linux-gnu/13/../../../x86_64-linux-gnu/crtn.o
 *(.gnu.warning)

.fini           0x00000000000011ec        0xd
 *(SORT_NONE(.fini))
 .fini          0x00000000000011ec        0x8 /usr/lib/gcc/x86_64-linux-gnu/13/../../../x86_64-linux-gnu/crti.o
                0x00000000000011ec                _fini
 .fini          0x00000000000011f4        0x5 /usr/lib/gcc/x86_64-linux-gnu/13/../../../x86_64-linux-gnu/crtn.o
                [!provide]                        PROVIDE (__etext = .)
                [!provide]                        PROVIDE (_etext = .)
                [!provide]                        PROVIDE (etext = .)
                0x0000000000002000                . = ALIGN (CONSTANT (MAXPAGESIZE))
                0x0000000000002000                . = SEGMENT_START ("rodata-segment", (ALIGN (CONSTANT (MAXPAGESIZE)) + (. & (CONSTANT (MAXPAGESIZE) - 0x1))))

.rodata         0x0000000000002000       0x33
 *(.rodata .rodata.* .gnu.linkonce.r.*)
 .rodata.cst4   0x0000000000002000        0x4 /usr/lib/gcc/x86_64-linux-gnu/13/../../../x86_64-linux-gnu/Scrt1.o
                0x0000000000002000                _IO_stdin_used
 .rodata.str1.1
                0x0000000000002004       0x2f build/x86_64/sum.o

.rodata1
 *(.rodata1)

.eh_frame_hdr   0x0000000000002034       0x34
 *(.eh_frame_hdr)
 .eh_frame_hdr  0x0000000000002034       0x34 /usr/lib/gcc/x86_64-linux-gnu/13/../../../x86_64-linux-gnu/Scrt1.o
                0x0000000000002034                __GNU_EH_FRAME_HDR
 *(.eh_frame_entry .eh_frame_entry.*)

.eh_frame       0x0000000000002068       0xb8
 *(.eh_frame)
 .eh_frame      0x0000000000002068       0x30 /usr/lib/gcc/x86_64-linux-gnu/13/../../../x86_64-linux-gnu/Scrt1.o
                                         0x2c (size before relaxing)
 *fill*         0x0000000000002098        0x0 
 .eh_frame      0x0000000000002098       0x28 /usr/lib/gcc/x86_64-linux-gnu/13/../../../x86_64-linux-gnu/Scrt1.o
                                         0x40 (size before relaxing)
 .eh_frame      0x00000000000020c0       0x18 /usr/lib/gcc/x86_64-linux-gnu/13/../../../x86_64-linux-gnu/Scrt1.o
                                         0x30 (size before relaxing)
 .eh_frame      0x00000000000020d8       0x18 /usr/lib/gcc/x86_64-linux-gnu/13/../../../x86_64-linux-gnu/Scrt1.o
                                         0x30 (size before relaxing)
 .eh_frame      0x00000000000020f0       0x2c build/x86_64/sum.o
                                         0x48 (size before relaxing)
 .eh_frame      0x000000000000211c        0x4 /usr/lib/gcc/x86_64-linux-gnu/13/crtendS.o
 *(.eh_frame.*)

.sframe         0x0000000000002120        0x0
 *(.sframe)
 .sframe        0x0000000000002120        0x0 /usr/lib/gcc/x86_64-linux-gnu/13/../../../x86_64-linux-gnu/Scrt1.o
 .sframe        0x0000000000002120        0x0 /usr/lib/gcc/x86_64-linux-gnu/13/../../../x86_64-linux-gnu/Scrt1.o
 *(.sframe.*)

.gcc_except_table
 *(.gcc_except_table .gcc_except_table.*)

.gnu_extab
 *(.gnu_extab*)

.exception_ranges
 *(.exception_ranges*)
                0x0000000000003db0                . = DATA_SEGMENT_ALIGN (CONSTANT (MAXPAGESIZE), CONSTANT (COMMONPAGESIZE))

.eh_frame
 *(.eh_frame)
 *(.eh_frame.*)

.sframe
 *(.sframe)
 *(.sframe.*)

.gnu_extab
 *(.gnu_extab)

.gcc_except_table
 *(.gcc_except_table .gcc_except_table.*)

.exception_ranges
 *(.exception_ranges*)

.tdata          0x0000000000003db0        0x0
                [!provide]                        PROVIDE (__tdata_start = .)
 *(.tdata .tdata.* .gnu.linkonce.td.*)

.tbss
 *(.tbss .tbss.* .gnu.linkonce.tb.*)
 *(.tcommon)

.preinit_array  0x0000000000003db0        0x0
                [!provide]                        PROVIDE (__preinit_array_start = .)
 *(.preinit_array)
                [!provide]                        PROVIDE (__preinit_array_end = .)

.init_array     0x0000000000003db0        0x8
                [!provide]                        PROVIDE (__init_array_start = .)
 *(SORT_BY_INIT_PRIORITY(.init_array.*) SORT_BY_INIT_PRIORITY(.ctors.*))
 *(.init_array EXCLUDE_FILE(*crtend?.o *crtend.o *crtbegin?.o *crtbegin.o) .ctors)
 .init_array    0x0000000000003db0        0x8 /usr/lib/gcc/x86_64-linux-gnu/13/crtbeginS.o
                [!provide]                        PROVIDE (__init_array_end = .)

.fini_array     0x0000000000003db8        0x8
                [!provide]                        PROVIDE (__fini_array_start = .)
 *(SORT_BY_INIT_PRIORITY(.fini_array.*) SORT_BY_INIT_PRIORITY(.dtors.*))
 *(.fini_array EXCLUDE_FILE(*crtend?.o *crtend.o *crtbegin?.o *crtbegin.o) .dtors)
 .fini_array    0x0000000000003db8        0x8 /usr/lib/gcc/x86_64-linux-gnu/13/crtbeginS.o
                [!provide]                        PROVIDE (__fini_array_end = .)

.ctors
 *crtbegin.o(.ctors)
 *crtbegin?.o(.ctors)
 *(EXCLUDE_FILE(*crtend?.o *crtend.o) .ctors)
 *(SORT_BY_NAME(.ctors.*))
 *(.ctors)

.dtors
 *crtbegin.o(.dtors)
 *crtbegin?.o(.dtors)
 *(EXCLUDE_FILE(*crtend?.o *crtend.o) .dtors)
 *(SORT_BY_NAME(.dtors.*))
 *(.dtors)

.jcr
 *(.jcr)

.data.rel.ro    0x0000000000003dc0        0x0
 *(.data.rel.ro.local* .gnu.linkonce.d.rel.ro.local.*)
 *(.data.rel.ro .data.rel.ro.* .gnu.linkonce.d.rel.ro.*)
 .data.rel.ro   0x0000000000003dc0        0x0 /usr/lib/gcc/x86_64-linux-gnu/13/../../../x86_64-linux-gnu/Scrt1.o

.dynamic        0x0000000000003dc0      0x1f0
 *(.dynamic)
 .dynamic       0x0000000000003dc0      0x1f0 /usr/lib/gcc/x86_64-linux-gnu/13/../../../x86_64-linux-gnu/Scrt1.o
                0x0000000000003dc0                _DYNAMIC

.got            0x0000000000003fb0       0x50
 *(.got.plt)
 .got.plt       0x0000000000003fb0       0x28 /usr/lib/gcc/x86_64-linux-gnu/13/../../../x86_64-linux-gnu/Scrt1.o
                0x0000000000003fb0                _GLOBAL_OFFSET_TABLE_
 *(.igot.plt)
 *(.got)
 .got           0x0000000000003fd8       0x28 /usr/lib/gcc/x86_64-linux-gnu/13/../../../x86_64-linux-gnu/Scrt1.o
 *(.igot)
                0x0000000000004000                . = DATA_SEGMENT_RELRO_END (., 0x0)

.data           0x0000000000004000       0x10
 *(.data .data.* .gnu.linkonce.d.*)
 .data          0x0000000000004000        0x4 /usr/lib/gcc/x86_64-linux-gnu/13/../../../x86_64-linux-gnu/Scrt1.o
                0x0000000000004000                data_start
                0x0000000000004000                __data_start
 .data          0x0000000000004004        0x0 /usr/lib/gcc/x86_64-linux-gnu/13/../../../x86_64-linux-gnu/crti.o
 .data          0x0000000000004004        0x0 /usr/lib/gcc/x86_64-linux-gnu/13/crtbeginS.o
 *fill*         0x0000000000004004        0x4 
 .data.rel.local
                0x0000000000004008        0x8 /usr/lib/gcc/x86_64-linux-gnu/13/crtbeginS.o
                0x0000000000004008                __dso_handle
 .data          0x0000000000004010        0x0 build/x86_64/sum.o
 .data          0x0000000000004010        0x0 /usr/lib/gcc/x86_64-linux-gnu/13/crtendS.o
 .data          0x0000000000004010        0x0 /usr/lib/gcc/x86_64-linux-gnu/13/../../../x86_64-linux-gnu/crtn.o

.tm_clone_table
                0x0000000000004010        0x0
 .tm_clone_table
                0x0000000000004010        0x0 /usr/lib/gcc/x86_64-linux-gnu/13/crtbeginS.o
 .tm_clone_table
                0x0000000000004010        0x0 /usr/lib/gcc/x86_64-linux-gnu/13/crtendS.o

.data1
 *(.data1)
                0x0000000000004010                _edata = .
                [!provide]                        PROVIDE (edata = .)
                0x0000000000004010                . = ALIGN (ALIGNOF (NEXT_SECTION))
                0x0000000000004010                __bss_start = .

.bss            0x0000000000004010        0x8
 *(.dynbss)
 .dynbss        0x0000000000004010        0x0 /usr/lib/gcc/x86_64-linux-gnu/13/../../../x86_64-linux-gnu/Scrt1.o
 *(.bss .bss.* .gnu.linkonce.b.*)
 .bss           0x0000000000004010        0x0 /usr/lib/gcc/x86_64-linux-gnu/13/../../../x86_64-linux-gnu/Scrt1.o
 .bss           0x0000000000004010        0x0 /usr/lib/gcc/x86_64-linux-gnu/13/../../../x86_64-linux-gnu/crti.o
 .bss           0x0000000000004010        0x1 /usr/lib/gcc/x86_64-linux-gnu/13/crtbeginS.o
 .bss           0x0000000000004011        0x0 build/x86_64/sum.o
 .bss           0x0000000000004011        0x0 /usr/lib/gcc/x86_64-linux-gnu/13/crtendS.o
 .bss           0x0000000000004011        0x0 /usr/lib/gcc/x86_64-linux-gnu/13/../../../x86_64-linux-gnu/crtn.o
 *(COMMON)
                0x0000000000004018                . = ALIGN ((. != 0x0)?0x8:0x1)
 *fill*         0x0000000000004011        0x7 

.lbss
 *(.dynlbss)
 *(.lbss .lbss.* .gnu.linkonce.lb.*)
 *(LARGE_COMMON)
                0x0000000000004018                . = ALIGN (0x8)
                0x0000000000004018                . = SEGMENT_START ("ldata-segment", .)

.lrodata
 *(.lrodata .lrodata.* .gnu.linkonce.lr.*)

.ldata          0x0000000000006018        0x0
 *(.ldata .ldata.* .gnu.linkonce.l.*)
                0x0000000000006018                . = ALIGN ((. != 0x0)?0x8:0x1)
                0x0000000000006018                . = ALIGN (0x8)
                0x0000000000004018                _end = .
                [!provide]                        PROVIDE (end = .)
                0x0000000000006018                . = DATA_SEGMENT_END (.)

.stab
 *(.stab)

.stabstr
 *(.stabstr)

.stab.excl
 *(.stab.excl)

.stab.exclstr
 *(.stab.exclstr)

.stab.index
 *(.stab.index)

.stab.indexstr
 *(.stab.indexstr)

.comment        0x0000000000000000       0x2b
 *(.comment)
 .comment       0x0000000000000000       0x2b /usr/lib/gcc/x86_64-linux-gnu/13/crtbeginS.o
                                         0x2c (size before relaxing)
 .comment       0x000000000000002b       0x2c build/x86_64/sum.o
 .comment       0x000000000000002b       0x2c /usr/lib/gcc/x86_64-linux-gnu/13/crtendS.o

.gnu.build.attributes
 *(.gnu.build.attributes .gnu.build.attributes.*)

.debug
 *(.debug)

.line
 *(.line)

.debug_srcinfo
 *(.debug_srcinfo)

.debug_sfnames
 *(.debug_sfnames)

.debug_aranges
 *(.debug_aranges)

.debug_pubnames
 *(.debug_pubnames)

.debug_info
 *(.debug_info .gnu.linkonce.wi.*)

.debug_abbrev
 *(.debug_abbrev)

.debug_line
 *(.debug_line .debug_line.* .debug_line_end)

.debug_frame
 *(.debug_frame)

.debug_str
 *(.debug_str)

.debug_loc
 *(.debug_loc)

.debug_macinfo
 *(.debug_macinfo)

.debug_weaknames
 *(.debug_weaknames)

.debug_funcnames
 *(.debug_funcnames)

.debug_typenames
 *(.debug_typenames)

.debug_varnames
 *(.debug_varnames)

.debug_pubtypes
 *(.debug_pubtypes)

.debug_ranges
 *(.debug_ranges)

.debug_addr
 *(.debug_addr)

.debug_line_str
 *(.debug_line_str)

.debug_loclists
 *(.debug_loclists)

.debug_macro
 *(.debug_macro)

.debug_names
 *(.debug_names)

.debug_rnglists
 *(.debug_rnglists)

.debug_str_offsets
 *(.debug_str_offsets)

.debug_sup
 *(.debug_sup)

.gnu.attributes
 *(.gnu.attributes)

/DISCARD/
 *(.note.GNU-stack)
 *(.gnu_debuglink)
 *(.gnu.lto_*)
OUTPUT(build/x86_64/sum elf64-x86-64)
